@ref2_grp3_p001/2
CTGTTTCCTGTGTGA
+
|||||||||||||||
@ref2_grp3_p003/1
ACGTMRWSYKVHDBN
+
0123456789abcd!
@ref2_grp3_p003/2
ACGTMRWSYKVHDBN
+
0123456789abcd!
