@ref1_grp2_p001/1
AGCTCGGTAC
+
""""""""""
@ref2_grp3_p001/1
GTGACACTATAGAAT
+
~~~~~~~~~~~~~~~
@ref2_grp3_p002/1
CTGTTTCCTGTGTGA
+
{{{{{{{{{{{{{{{
@ref2_grp3_p002/2
CGCCAAGCTATTTAG
+
}}}}}}}}}}}}}}}
@ref2_grp3_p003/1
ACGTMRWSYKVHDBN
+
0123456789abcd!
