#CHR	LEFT	RIGHT	NAME	SCORE	STRAND	NUM_CLIPPED
vir1	30	54	TEST_VIR_LEFT	0	.	2
vir1	320	342	TEST_VIR_LEFT	0	.	0
vir1	385	410	TEST_VIR_RIGHT	0	.	4
vir1	704	726	TEST_VIR_RIGHT	0	.	1
